// Jest Snapshot v1, https://goo.gl/fbAQLP

exports[`Pruebas de <RealExampleRef /> debe mostrarse correctamente 1`] = `
<div>
  <h1>
    Real Example Ref
  </h1>
  <hr />
  <button
    className="btn btn-primary mt-5"
    onClick={[Function]}
  >
    Mostrar o Ocultar
  </button>
</div>
`;
